[     359ms] [INFO] %cDownload the React DevTools for a better development experience: https://react.dev/link/react-devtools font-weight:bold @ http://localhost:3000/_next/static/chunks/node_modules_next_dist_115brz8._.js:2431
[     409ms] [LOG] [HMR] connected @ http://localhost:3000/_next/static/chunks/node_modules_next_dist_115brz8._.js:2431
[     541ms] [ERROR] Failed to load resource: the server responded with a status of 401 (Unauthorized) @ http://localhost:3000/api/auth/me:0
[     544ms] [ERROR] Failed to load resource: the server responded with a status of 401 (Unauthorized) @ http://localhost:3000/api/auth/me:0
[     870ms] [ERROR] Failed to load resource: the server responded with a status of 404 (Not Found) @ http://localhost:3000/favicon.ico:0
[     950ms] [LOG] %c[Vercel Web Analytics]%c Debug mode is enabled by default in development. No requests will be sent to the server. color: rgb(120, 120, 120) color: inherit @ http://localhost:3000/_next/static/chunks/node_modules_next_dist_115brz8._.js:2431
[     950ms] [LOG] %c[Vercel Web Analytics]%c Running queued event color: rgb(120, 120, 120) color: inherit pageview {route: /[locale]/cadastro, path: /pt-BR/cadastro} @ http://localhost:3000/_next/static/chunks/node_modules_next_dist_115brz8._.js:2431
[     950ms] [LOG] %c[Vercel Web Analytics]%c [view] http://localhost:3000/pt-BR/cadastro color: rgb(120, 120, 120) color: inherit {o: http://localhost:3000/pt-BR/cadastro, sv: 0.1.3, sdkn: @vercel/analytics/next, sdkv: 1.6.1, ts: 1778208250406} /_vercel/insights/view @ http://localhost:3000/_next/static/chunks/node_modules_next_dist_115brz8._.js:2431
[    3952ms] [WARNING] The resource http://localhost:3000/_next/static/chunks/src_shared_ui_page-shell_page-shell_module_scss_module_0i25aaj.css was preloaded using link preload but not used within a few seconds from the window's load event. Please make sure it has an appropriate `as` value and it is preloaded intentionally. @ http://localhost:3000/pt-BR/cadastro:0
[    3952ms] [WARNING] The resource http://localhost:3000/_next/static/chunks/%5Broot-of-the-server%5D__0pf4vu0._.css was preloaded using link preload but not used within a few seconds from the window's load event. Please make sure it has an appropriate `as` value and it is preloaded intentionally. @ http://localhost:3000/pt-BR/cadastro:0
[  166603ms] [LOG] [Fast Refresh] rebuilding @ http://localhost:3000/_next/static/chunks/node_modules_next_dist_115brz8._.js:2431
[  166824ms] [LOG] [Fast Refresh] done in 295ms @ http://localhost:3000/_next/static/chunks/node_modules_next_dist_115brz8._.js:2431
[  174366ms] [INFO] %cDownload the React DevTools for a better development experience: https://react.dev/link/react-devtools font-weight:bold @ http://localhost:3000/_next/static/chunks/node_modules_next_dist_115brz8._.js:2431
[  174416ms] [LOG] [HMR] connected @ http://localhost:3000/_next/static/chunks/node_modules_next_dist_115brz8._.js:2431
[  174490ms] [LOG] %c[Vercel Web Analytics]%c Debug mode is enabled by default in development. No requests will be sent to the server. color: rgb(120, 120, 120) color: inherit @ http://localhost:3000/_next/static/chunks/node_modules_next_dist_115brz8._.js:2431
[  174490ms] [LOG] %c[Vercel Web Analytics]%c Running queued event color: rgb(120, 120, 120) color: inherit pageview {route: /[locale]/cadastro, path: /pt-BR/cadastro} @ http://localhost:3000/_next/static/chunks/node_modules_next_dist_115brz8._.js:2431
[  174490ms] [LOG] %c[Vercel Web Analytics]%c [view] http://localhost:3000/pt-BR/cadastro color: rgb(120, 120, 120) color: inherit {o: http://localhost:3000/pt-BR/cadastro, sv: 0.1.3, sdkn: @vercel/analytics/next, sdkv: 1.6.1, ts: 1778208423946} /_vercel/insights/view @ http://localhost:3000/_next/static/chunks/node_modules_next_dist_115brz8._.js:2431
[  174527ms] [ERROR] Failed to load resource: the server responded with a status of 401 (Unauthorized) @ http://localhost:3000/api/auth/me:0
[  174528ms] [ERROR] Failed to load resource: the server responded with a status of 401 (Unauthorized) @ http://localhost:3000/api/auth/me:0
[  177579ms] [WARNING] The resource http://localhost:3000/_next/static/chunks/src_shared_ui_page-shell_page-shell_module_scss_module_0i25aaj.css was preloaded using link preload but not used within a few seconds from the window's load event. Please make sure it has an appropriate `as` value and it is preloaded intentionally. @ http://localhost:3000/pt-BR/cadastro:0
[  488779ms] [LOG] [Fast Refresh] rebuilding @ http://localhost:3000/_next/static/chunks/node_modules_next_dist_115brz8._.js:2431
[  488792ms] [LOG] [Fast Refresh] done in 115ms @ http://localhost:3000/_next/static/chunks/node_modules_next_dist_115brz8._.js:2431
[  586937ms] [LOG] [Fast Refresh] rebuilding @ http://localhost:3000/_next/static/chunks/node_modules_next_dist_115brz8._.js:2431
[  587053ms] [LOG] [Fast Refresh] done in 217ms @ http://localhost:3000/_next/static/chunks/node_modules_next_dist_115brz8._.js:2431
[  730143ms] [ERROR] WebSocket connection to 'ws://localhost:3000/_next/webpack-hmr?id=bJ2v1KeOQfbAAlGL79uFl' failed: Error in connection establishment: net::ERR_CONNECTION_REFUSED @ http://localhost:3000/_next/static/chunks/node_modules_next_dist_client_0fhqo1d._.js:13299
[  731147ms] [ERROR] WebSocket connection to 'ws://localhost:3000/_next/webpack-hmr?id=bJ2v1KeOQfbAAlGL79uFl' failed: Error in connection establishment: net::ERR_CONNECTION_REFUSED @ http://localhost:3000/_next/static/chunks/node_modules_next_dist_client_0fhqo1d._.js:13299
[  732149ms] [ERROR] WebSocket connection to 'ws://localhost:3000/_next/webpack-hmr?id=bJ2v1KeOQfbAAlGL79uFl' failed: Error in connection establishment: net::ERR_CONNECTION_REFUSED @ http://localhost:3000/_next/static/chunks/node_modules_next_dist_client_0fhqo1d._.js:13299
[  733151ms] [ERROR] WebSocket connection to 'ws://localhost:3000/_next/webpack-hmr?id=bJ2v1KeOQfbAAlGL79uFl' failed: Error in connection establishment: net::ERR_CONNECTION_REFUSED @ http://localhost:3000/_next/static/chunks/node_modules_next_dist_client_0fhqo1d._.js:13299
[  734157ms] [ERROR] WebSocket connection to 'ws://localhost:3000/_next/webpack-hmr?id=bJ2v1KeOQfbAAlGL79uFl' failed: Error in connection establishment: net::ERR_CONNECTION_REFUSED @ http://localhost:3000/_next/static/chunks/node_modules_next_dist_client_0fhqo1d._.js:13299
[  739178ms] [ERROR] WebSocket connection to 'ws://localhost:3000/_next/webpack-hmr?id=bJ2v1KeOQfbAAlGL79uFl' failed: Error in connection establishment: net::ERR_CONNECTION_REFUSED @ http://localhost:3000/_next/static/chunks/node_modules_next_dist_client_0fhqo1d._.js:13299
[  744195ms] [ERROR] WebSocket connection to 'ws://localhost:3000/_next/webpack-hmr?id=bJ2v1KeOQfbAAlGL79uFl' failed: Error in connection establishment: net::ERR_CONNECTION_REFUSED @ http://localhost:3000/_next/static/chunks/node_modules_next_dist_client_0fhqo1d._.js:13299
[  749241ms] [ERROR] WebSocket connection to 'ws://localhost:3000/_next/webpack-hmr?id=bJ2v1KeOQfbAAlGL79uFl' failed: Error in connection establishment: net::ERR_CONNECTION_REFUSED @ http://localhost:3000/_next/static/chunks/node_modules_next_dist_client_0fhqo1d._.js:13299
[  754265ms] [ERROR] WebSocket connection to 'ws://localhost:3000/_next/webpack-hmr?id=bJ2v1KeOQfbAAlGL79uFl' failed: Error in connection establishment: net::ERR_CONNECTION_REFUSED @ http://localhost:3000/_next/static/chunks/node_modules_next_dist_client_0fhqo1d._.js:13299
[  759349ms] [ERROR] WebSocket connection to 'ws://localhost:3000/_next/webpack-hmr?id=bJ2v1KeOQfbAAlGL79uFl' failed: Error in connection establishment: net::ERR_CONNECTION_REFUSED @ http://localhost:3000/_next/static/chunks/node_modules_next_dist_client_0fhqo1d._.js:13299
[  764443ms] [ERROR] WebSocket connection to 'ws://localhost:3000/_next/webpack-hmr?id=bJ2v1KeOQfbAAlGL79uFl' failed: Error in connection establishment: net::ERR_CONNECTION_REFUSED @ http://localhost:3000/_next/static/chunks/node_modules_next_dist_client_0fhqo1d._.js:13299
[  769692ms] [ERROR] WebSocket connection to 'ws://localhost:3000/_next/webpack-hmr?id=bJ2v1KeOQfbAAlGL79uFl' failed: Error in connection establishment: net::ERR_CONNECTION_REFUSED @ http://localhost:3000/_next/static/chunks/node_modules_next_dist_client_0fhqo1d._.js:13299
[  808922ms] [INFO] %cDownload the React DevTools for a better development experience: https://react.dev/link/react-devtools font-weight:bold @ http://localhost:3000/_next/static/chunks/node_modules_next_dist_115brz8._.js:2431
[  808988ms] [LOG] [HMR] connected @ http://localhost:3000/_next/static/chunks/node_modules_next_dist_115brz8._.js:2431
[  809129ms] [LOG] [Fast Refresh] rebuilding @ http://localhost:3000/_next/static/chunks/node_modules_next_dist_115brz8._.js:2431
[  809161ms] [LOG] [Fast Refresh] done in 132ms @ http://localhost:3000/_next/static/chunks/node_modules_next_dist_115brz8._.js:2431
[  809177ms] [ERROR] Failed to load resource: the server responded with a status of 401 (Unauthorized) @ http://localhost:3000/api/auth/me:0
[  809179ms] [ERROR] Failed to load resource: the server responded with a status of 401 (Unauthorized) @ http://localhost:3000/api/auth/me:0
[  809184ms] [LOG] %c[Vercel Web Analytics]%c Debug mode is enabled by default in development. No requests will be sent to the server. color: rgb(120, 120, 120) color: inherit @ http://localhost:3000/_next/static/chunks/node_modules_next_dist_115brz8._.js:2431
[  809184ms] [LOG] %c[Vercel Web Analytics]%c Running queued event color: rgb(120, 120, 120) color: inherit pageview {route: /[locale]/cadastro, path: /pt-BR/cadastro} @ http://localhost:3000/_next/static/chunks/node_modules_next_dist_115brz8._.js:2431
[  809184ms] [LOG] %c[Vercel Web Analytics]%c [view] http://localhost:3000/pt-BR/cadastro color: rgb(120, 120, 120) color: inherit {o: http://localhost:3000/pt-BR/cadastro, sv: 0.1.3, sdkn: @vercel/analytics/next, sdkv: 1.6.1, ts: 1778209058639} /_vercel/insights/view @ http://localhost:3000/_next/static/chunks/node_modules_next_dist_115brz8._.js:2431
[  812231ms] [WARNING] The resource http://localhost:3000/_next/static/chunks/src_shared_ui_page-shell_page-shell_module_scss_module_0i25aaj.css was preloaded using link preload but not used within a few seconds from the window's load event. Please make sure it has an appropriate `as` value and it is preloaded intentionally. @ http://localhost:3000/pt-BR/cadastro:0
[  827208ms] [LOG] [Fast Refresh] rebuilding @ http://localhost:3000/_next/static/chunks/node_modules_next_dist_115brz8._.js:2431
[  827375ms] [LOG] [Fast Refresh] done in 250ms @ http://localhost:3000/_next/static/chunks/node_modules_next_dist_115brz8._.js:2431
[  829810ms] [LOG] [Fast Refresh] rebuilding @ http://localhost:3000/_next/static/chunks/node_modules_next_dist_115brz8._.js:2431
[  829837ms] [LOG] [Fast Refresh] done in 25ms @ http://localhost:3000/_next/static/chunks/node_modules_next_dist_115brz8._.js:2431
[  833042ms] [LOG] [Fast Refresh] rebuilding @ http://localhost:3000/_next/static/chunks/node_modules_next_dist_115brz8._.js:2431
[  833155ms] [LOG] [Fast Refresh] done in 180ms @ http://localhost:3000/_next/static/chunks/node_modules_next_dist_115brz8._.js:2431
[  836138ms] [WARNING] The resource http://localhost:3000/_next/static/chunks/src_shared_ui_page-shell_page-shell_module_scss_module_0i25aaj.css was preloaded using link preload but not used within a few seconds from the window's load event. Please make sure it has an appropriate `as` value and it is preloaded intentionally. @ http://localhost:3000/pt-BR/cadastro:0
